════╤════════════════════════════
 28 │ 7553/93312 (≈ 0.0809435)
════╪════════════════════════════
 27 │ 16661/209952 (≈ 0.0793562)
════╪════════════════════════════
 29 │ 16661/209952 (≈ 0.0793562)
════╪════════════════════════════
 26 │ 31397/419904 (≈ 0.0747718)
════╪════════════════════════════
 30 │ 31397/419904 (≈ 0.0747718)
════╪════════════════════════════
 25 │ 1579/23328 (≈ 0.0676868)
════╪════════════════════════════
 31 │ 1579/23328 (≈ 0.0676868)
════╪════════════════════════════
 24 │ 98813/1679616 (≈ 0.0588307)
════╪════════════════════════════
 32 │ 98813/1679616 (≈ 0.0588307)
════╪════════════════════════════
 23 │ 5149/104976 (≈ 0.0490493)
════╪════════════════════════════
 33 │ 5149/104976 (≈ 0.0490493)
════╪════════════════════════════
 22 │ 457/11664 (≈ 0.0391803)
════╪════════════════════════════
 34 │ 457/11664 (≈ 0.0391803)
════╪════════════════════════════
 21 │ 3143/104976 (≈ 0.0299401)
════╪════════════════════════════
 35 │ 3143/104976 (≈ 0.0299401)
════╪════════════════════════════
 20 │ 2293/104976 (≈ 0.021843)
════╪════════════════════════════
 36 │ 2293/104976 (≈ 0.021843)
════╪════════════════════════════
 19 │ 59/3888 (≈ 0.0151748)
════╪════════════════════════════
 37 │ 59/3888 (≈ 0.0151748)
════╪════════════════════════════
 18 │ 2101/209952 (≈ 0.010007)
════╪════════════════════════════
 38 │ 2101/209952 (≈ 0.010007)
════╪════════════════════════════
 17 │ 655/104976 (≈ 0.0062395)
════╪════════════════════════════
 39 │ 655/104976 (≈ 0.0062395)
════╪════════════════════════════
 16 │ 683/186624 (≈ 0.0036597)
════╪════════════════════════════
 40 │ 683/186624 (≈ 0.0036597)
════╪════════════════════════════
 15 │ 421/209952 (≈ 0.0020052)
════╪════════════════════════════
 41 │ 421/209952 (≈ 0.0020052)
════╪════════════════════════════
 14 │ 427/419904 (≈ 0.0010168)
════╪════════════════════════════
 42 │ 427/419904 (≈ 0.0010168)
════╪════════════════════════════
 13 │ 11/23328 (≈ 0.0004715)
════╪════════════════════════════
 43 │ 11/23328 (≈ 0.0004715)
════╪════════════════════════════
 12 │ 55/279936 (≈ 0.0001964)
════╪════════════════════════════
 44 │ 55/279936 (≈ 0.0001964)
════╪════════════════════════════
 11 │ 5/69984 (≈ 7.14e-5)
════╪════════════════════════════
 45 │ 5/69984 (≈ 7.14e-5)
════╪════════════════════════════
 10 │ 1/46656 (≈ 2.14e-5)
════╪════════════════════════════
 46 │ 1/46656 (≈ 2.14e-5)
════╪════════════════════════════
  9 │ 1/209952 (≈ 4.7e-6)
════╪════════════════════════════
 47 │ 1/209952 (≈ 4.7e-6)
════╪════════════════════════════
  8 │ 1/1679616 (≈ 5.0e-7)
════╪════════════════════════════
 48 │ 1/1679616 (≈ 5.0e-7)
════╪════════════════════════════
∑   │ 1
════╧════════════════════════════
