════╤═════════════════════════════════════════════════════════════════════
 17 │ 7566194099838961/72057594037927936 (≈ 0.105002)
════╪═════════════════════════════════════════════════════════════════════
 16 │ 471428131602417/4503599627370496 (≈ 0.104678)
════╪═════════════════════════════════════════════════════════════════════
 18 │ 113554521621524465/1152921504606846976 (≈ 0.0984928)
════╪═════════════════════════════════════════════════════════════════════
 15 │ 27088835284977/281474976710656 (≈ 0.0962388)
════╪═════════════════════════════════════════════════════════════════════
 19 │ 1611003264434503665/18446744073709551616 (≈ 0.0873326)
════╪═════════════════════════════════════════════════════════════════════
 14 │ 1409710933745/17592186044416 (≈ 0.0801327)
════╪═════════════════════════════════════════════════════════════════════
 20 │ 21790833528900747249/295147905179352825856 (≈ 0.0738302)
════╪═════════════════════════════════════════════════════════════════════
 21 │ 282956818818947481585/4722366482869645213696 (≈ 0.0599184)
════╪═════════════════════════════════════════════════════════════════════
 13 │ 64852508145/1099511627776 (≈ 0.058983)
════╪═════════════════════════════════════════════════════════════════════
 22 │ 3546952479605470986225/75557863725914323419136 (≈ 0.0469435)
════╪═════════════════════════════════════════════════════════════════════
 26 │ 12825215918245664398508031/309485009821345068724781056 (≈ 0.0414405)
════╪═════════════════════════════════════════════════════════════════════
 12 │ 2551304433/68719476736 (≈ 0.0371263)
════╪═════════════════════════════════════════════════════════════════════
 23 │ 43118393808213261680625/1208925819614629174706176 (≈ 0.0356666)
════╪═════════════════════════════════════════════════════════════════════
 24 │ 510248916285034478960625/19342813113834066795298816 (≈ 0.0263792)
════╪═════════════════════════════════════════════════════════════════════
 11 │ 81872113/4294967296 (≈ 0.0190623)
════╪═════════════════════════════════════════════════════════════════════
 25 │ 5896338143010985124823025/309485009821345068724781056 (≈ 0.019052)
════╪═════════════════════════════════════════════════════════════════════
 10 │ 1997409/268435456 (≈ 0.0074409)
════╪═════════════════════════════════════════════════════════════════════
  9 │ 33105/16777216 (≈ 0.0019732)
════╪═════════════════════════════════════════════════════════════════════
  8 │ 305/1048576 (≈ 0.0002908)
════╪═════════════════════════════════════════════════════════════════════
  7 │ 1/65536 (≈ 1.52e-5)
════╪═════════════════════════════════════════════════════════════════════
∑   │ 1
════╧═════════════════════════════════════════════════════════════════════
