════════════════════════════════════════════════════════════════════════╤════════════════
"c0" ->  true "c1" -> false "coin" -> false "z1" -> false "z2" -> false │ 7/40
════════════════════════════════════════════════════════════════════════╪════════════════
"c0" ->  true "c1" -> false "coin" -> false "z1" ->  true "z2" -> false │ 7/40
════════════════════════════════════════════════════════════════════════╪════════════════
"c0" ->  true "c1" ->  true "coin" -> false "z1" -> false "z2" -> false │ 7/80 (≈ 0.0875)
════════════════════════════════════════════════════════════════════════╪════════════════
"c0" ->  true "c1" ->  true "coin" -> false "z1" ->  true "z2" -> false │ 7/80 (≈ 0.0875)
════════════════════════════════════════════════════════════════════════╪════════════════
"c0" -> false "c1" ->  true "coin" -> false "z1" -> false "z2" -> false │ 7/80 (≈ 0.0875)
════════════════════════════════════════════════════════════════════════╪════════════════
"c0" -> false "c1" ->  true "coin" -> false "z1" ->  true "z2" -> false │ 7/80 (≈ 0.0875)
════════════════════════════════════════════════════════════════════════╪════════════════
"c0" ->  true "c1" -> false "coin" -> false "z1" ->  true "z2" ->  true │ 3/40
════════════════════════════════════════════════════════════════════════╪════════════════
"c0" ->  true "c1" -> false "coin" -> false "z1" -> false "z2" ->  true │ 3/40
════════════════════════════════════════════════════════════════════════╪════════════════
"c0" ->  true "c1" ->  true "coin" -> false "z1" ->  true "z2" ->  true │ 3/80 (≈ 0.0375)
════════════════════════════════════════════════════════════════════════╪════════════════
"c0" ->  true "c1" ->  true "coin" -> false "z1" -> false "z2" ->  true │ 3/80 (≈ 0.0375)
════════════════════════════════════════════════════════════════════════╪════════════════
"c0" -> false "c1" ->  true "coin" -> false "z1" ->  true "z2" ->  true │ 3/80 (≈ 0.0375)
════════════════════════════════════════════════════════════════════════╪════════════════
"c0" -> false "c1" ->  true "coin" -> false "z1" -> false "z2" ->  true │ 3/80 (≈ 0.0375)
════════════════════════════════════════════════════════════════════════╪════════════════
∑                                                                       │ 1
════════════════════════════════════════════════════════════════════════╧════════════════
