════╤════════════════════════
  3 │ 11/24
════╪════════════════════════
  4 │ 5/18
════╪════════════════════════
  2 │ 1/6
════╪════════════════════════
  5 │ 35/432 (≈ 0.0810185)
════╪════════════════════════
  6 │ 7/486 (≈ 0.0144032)
════╪════════════════════════
  7 │ 13/7776 (≈ 0.0016718)
════╪════════════════════════
  8 │ 23/186624 (≈ 0.0001232)
════╪════════════════════════
  9 │ 53/10077696 (≈ 5.2e-6)
════╪════════════════════════
 10 │ 1/10077696 (≈ 0)
════╪════════════════════════
∑   │ 1
════╧════════════════════════
