════╤════════════════════════════════════════════════════════════════════════════════════════════════════════════════════════════════════════════════════════════════════════
  1 │ 28948022309329048855892746252171976963317496166410141009864396001978282409984/57896044618658097711785492504343953926634992332820282019728792003956564819967 (≈ 0.5)
════╪════════════════════════════════════════════════════════════════════════════════════════════════════════════════════════════════════════════════════════════════════════
  2 │ 14474011154664524427946373126085988481658748083205070504932198000989141204992/57896044618658097711785492504343953926634992332820282019728792003956564819967 (≈ 0.25)
════╪════════════════════════════════════════════════════════════════════════════════════════════════════════════════════════════════════════════════════════════════════════
  3 │ 7237005577332262213973186563042994240829374041602535252466099000494570602496/57896044618658097711785492504343953926634992332820282019728792003956564819967 (≈ 0.125)
════╪════════════════════════════════════════════════════════════════════════════════════════════════════════════════════════════════════════════════════════════════════════
  4 │ 3618502788666131106986593281521497120414687020801267626233049500247285301248/57896044618658097711785492504343953926634992332820282019728792003956564819967 (≈ 0.0625)
════╪════════════════════════════════════════════════════════════════════════════════════════════════════════════════════════════════════════════════════════════════════════
  5 │ 1809251394333065553493296640760748560207343510400633813116524750123642650624/57896044618658097711785492504343953926634992332820282019728792003956564819967 (≈ 0.03125)
════╪════════════════════════════════════════════════════════════════════════════════════════════════════════════════════════════════════════════════════════════════════════
  6 │ 904625697166532776746648320380374280103671755200316906558262375061821325312/57896044618658097711785492504343953926634992332820282019728792003956564819967 (≈ 0.015625)
════╪════════════════════════════════════════════════════════════════════════════════════════════════════════════════════════════════════════════════════════════════════════
  7 │ 452312848583266388373324160190187140051835877600158453279131187530910662656/57896044618658097711785492504343953926634992332820282019728792003956564819967 (≈ 0.0078125)
════╪════════════════════════════════════════════════════════════════════════════════════════════════════════════════════════════════════════════════════════════════════════
  8 │ 226156424291633194186662080095093570025917938800079226639565593765455331328/57896044618658097711785492504343953926634992332820282019728792003956564819967 (≈ 0.0039062)
════╪════════════════════════════════════════════════════════════════════════════════════════════════════════════════════════════════════════════════════════════════════════
  9 │ 113078212145816597093331040047546785012958969400039613319782796882727665664/57896044618658097711785492504343953926634992332820282019728792003956564819967 (≈ 0.0019531)
════╪════════════════════════════════════════════════════════════════════════════════════════════════════════════════════════════════════════════════════════════════════════
 10 │ 56539106072908298546665520023773392506479484700019806659891398441363832832/57896044618658097711785492504343953926634992332820282019728792003956564819967 (≈ 0.0009765)
════╪════════════════════════════════════════════════════════════════════════════════════════════════════════════════════════════════════════════════════════════════════════
 11 │ 28269553036454149273332760011886696253239742350009903329945699220681916416/57896044618658097711785492504343953926634992332820282019728792003956564819967 (≈ 0.0004882)
════╪════════════════════════════════════════════════════════════════════════════════════════════════════════════════════════════════════════════════════════════════════════
 12 │ 14134776518227074636666380005943348126619871175004951664972849610340958208/57896044618658097711785492504343953926634992332820282019728792003956564819967 (≈ 0.0002441)
════╪════════════════════════════════════════════════════════════════════════════════════════════════════════════════════════════════════════════════════════════════════════
 13 │ 7067388259113537318333190002971674063309935587502475832486424805170479104/57896044618658097711785492504343953926634992332820282019728792003956564819967 (≈ 0.000122)
════╪════════════════════════════════════════════════════════════════════════════════════════════════════════════════════════════════════════════════════════════════════════
 14 │ 3533694129556768659166595001485837031654967793751237916243212402585239552/57896044618658097711785492504343953926634992332820282019728792003956564819967 (≈ 6.1e-5)
════╪════════════════════════════════════════════════════════════════════════════════════════════════════════════════════════════════════════════════════════════════════════
 15 │ 1766847064778384329583297500742918515827483896875618958121606201292619776/57896044618658097711785492504343953926634992332820282019728792003956564819967 (≈ 3.05e-5)
════╪════════════════════════════════════════════════════════════════════════════════════════════════════════════════════════════════════════════════════════════════════════
 16 │ 883423532389192164791648750371459257913741948437809479060803100646309888/57896044618658097711785492504343953926634992332820282019728792003956564819967 (≈ 1.52e-5)
════╪════════════════════════════════════════════════════════════════════════════════════════════════════════════════════════════════════════════════════════════════════════
 17 │ 441711766194596082395824375185729628956870974218904739530401550323154944/57896044618658097711785492504343953926634992332820282019728792003956564819967 (≈ 7.6e-6)
════╪════════════════════════════════════════════════════════════════════════════════════════════════════════════════════════════════════════════════════════════════════════
 18 │ 220855883097298041197912187592864814478435487109452369765200775161577472/57896044618658097711785492504343953926634992332820282019728792003956564819967 (≈ 3.8e-6)
════╪════════════════════════════════════════════════════════════════════════════════════════════════════════════════════════════════════════════════════════════════════════
 19 │ 110427941548649020598956093796432407239217743554726184882600387580788736/57896044618658097711785492504343953926634992332820282019728792003956564819967 (≈ 1.9e-6)
════╪════════════════════════════════════════════════════════════════════════════════════════════════════════════════════════════════════════════════════════════════════════
 20 │ 55213970774324510299478046898216203619608871777363092441300193790394368/57896044618658097711785492504343953926634992332820282019728792003956564819967 (≈ 9.0e-7)
════╪════════════════════════════════════════════════════════════════════════════════════════════════════════════════════════════════════════════════════════════════════════
 21 │ 27606985387162255149739023449108101809804435888681546220650096895197184/57896044618658097711785492504343953926634992332820282019728792003956564819967 (≈ 4.0e-7)
════╪════════════════════════════════════════════════════════════════════════════════════════════════════════════════════════════════════════════════════════════════════════
 22 │ 13803492693581127574869511724554050904902217944340773110325048447598592/57896044618658097711785492504343953926634992332820282019728792003956564819967 (≈ 2.0e-7)
════╪════════════════════════════════════════════════════════════════════════════════════════════════════════════════════════════════════════════════════════════════════════
 23 │ 6901746346790563787434755862277025452451108972170386555162524223799296/57896044618658097711785492504343953926634992332820282019728792003956564819967 (≈ 1.0e-7)
════╪════════════════════════════════════════════════════════════════════════════════════════════════════════════════════════════════════════════════════════════════════════
 24 │ 3450873173395281893717377931138512726225554486085193277581262111899648/57896044618658097711785492504343953926634992332820282019728792003956564819967 (≈ 0)
════╪════════════════════════════════════════════════════════════════════════════════════════════════════════════════════════════════════════════════════════════════════════
 25 │ 1725436586697640946858688965569256363112777243042596638790631055949824/57896044618658097711785492504343953926634992332820282019728792003956564819967 (≈ 0)
════╪════════════════════════════════════════════════════════════════════════════════════════════════════════════════════════════════════════════════════════════════════════
 26 │ 862718293348820473429344482784628181556388621521298319395315527974912/57896044618658097711785492504343953926634992332820282019728792003956564819967 (≈ 0)
════╪════════════════════════════════════════════════════════════════════════════════════════════════════════════════════════════════════════════════════════════════════════
 27 │ 431359146674410236714672241392314090778194310760649159697657763987456/57896044618658097711785492504343953926634992332820282019728792003956564819967 (≈ 0)
════╪════════════════════════════════════════════════════════════════════════════════════════════════════════════════════════════════════════════════════════════════════════
 28 │ 215679573337205118357336120696157045389097155380324579848828881993728/57896044618658097711785492504343953926634992332820282019728792003956564819967 (≈ 0)
════╪════════════════════════════════════════════════════════════════════════════════════════════════════════════════════════════════════════════════════════════════════════
 29 │ 107839786668602559178668060348078522694548577690162289924414440996864/57896044618658097711785492504343953926634992332820282019728792003956564819967 (≈ 0)
════╪════════════════════════════════════════════════════════════════════════════════════════════════════════════════════════════════════════════════════════════════════════
 30 │ 53919893334301279589334030174039261347274288845081144962207220498432/57896044618658097711785492504343953926634992332820282019728792003956564819967 (≈ 0)
════╪════════════════════════════════════════════════════════════════════════════════════════════════════════════════════════════════════════════════════════════════════════
 31 │ 26959946667150639794667015087019630673637144422540572481103610249216/57896044618658097711785492504343953926634992332820282019728792003956564819967 (≈ 0)
════╪════════════════════════════════════════════════════════════════════════════════════════════════════════════════════════════════════════════════════════════════════════
 32 │ 13479973333575319897333507543509815336818572211270286240551805124608/57896044618658097711785492504343953926634992332820282019728792003956564819967 (≈ 0)
════╪════════════════════════════════════════════════════════════════════════════════════════════════════════════════════════════════════════════════════════════════════════
 33 │ 6739986666787659948666753771754907668409286105635143120275902562304/57896044618658097711785492504343953926634992332820282019728792003956564819967 (≈ 0)
════╪════════════════════════════════════════════════════════════════════════════════════════════════════════════════════════════════════════════════════════════════════════
 34 │ 3369993333393829974333376885877453834204643052817571560137951281152/57896044618658097711785492504343953926634992332820282019728792003956564819967 (≈ 0)
════╪════════════════════════════════════════════════════════════════════════════════════════════════════════════════════════════════════════════════════════════════════════
 35 │ 1684996666696914987166688442938726917102321526408785780068975640576/57896044618658097711785492504343953926634992332820282019728792003956564819967 (≈ 0)
════╪════════════════════════════════════════════════════════════════════════════════════════════════════════════════════════════════════════════════════════════════════════
 36 │ 842498333348457493583344221469363458551160763204392890034487820288/57896044618658097711785492504343953926634992332820282019728792003956564819967 (≈ 0)
════╪════════════════════════════════════════════════════════════════════════════════════════════════════════════════════════════════════════════════════════════════════════
 37 │ 421249166674228746791672110734681729275580381602196445017243910144/57896044618658097711785492504343953926634992332820282019728792003956564819967 (≈ 0)
════╪════════════════════════════════════════════════════════════════════════════════════════════════════════════════════════════════════════════════════════════════════════
 38 │ 210624583337114373395836055367340864637790190801098222508621955072/57896044618658097711785492504343953926634992332820282019728792003956564819967 (≈ 0)
════╪════════════════════════════════════════════════════════════════════════════════════════════════════════════════════════════════════════════════════════════════════════
 39 │ 105312291668557186697918027683670432318895095400549111254310977536/57896044618658097711785492504343953926634992332820282019728792003956564819967 (≈ 0)
════╪════════════════════════════════════════════════════════════════════════════════════════════════════════════════════════════════════════════════════════════════════════
 40 │ 52656145834278593348959013841835216159447547700274555627155488768/57896044618658097711785492504343953926634992332820282019728792003956564819967 (≈ 0)
════╪════════════════════════════════════════════════════════════════════════════════════════════════════════════════════════════════════════════════════════════════════════
 41 │ 26328072917139296674479506920917608079723773850137277813577744384/57896044618658097711785492504343953926634992332820282019728792003956564819967 (≈ 0)
════╪════════════════════════════════════════════════════════════════════════════════════════════════════════════════════════════════════════════════════════════════════════
 42 │ 13164036458569648337239753460458804039861886925068638906788872192/57896044618658097711785492504343953926634992332820282019728792003956564819967 (≈ 0)
════╪════════════════════════════════════════════════════════════════════════════════════════════════════════════════════════════════════════════════════════════════════════
 43 │ 6582018229284824168619876730229402019930943462534319453394436096/57896044618658097711785492504343953926634992332820282019728792003956564819967 (≈ 0)
════╪════════════════════════════════════════════════════════════════════════════════════════════════════════════════════════════════════════════════════════════════════════
 44 │ 3291009114642412084309938365114701009965471731267159726697218048/57896044618658097711785492504343953926634992332820282019728792003956564819967 (≈ 0)
════╪════════════════════════════════════════════════════════════════════════════════════════════════════════════════════════════════════════════════════════════════════════
 45 │ 1645504557321206042154969182557350504982735865633579863348609024/57896044618658097711785492504343953926634992332820282019728792003956564819967 (≈ 0)
════╪════════════════════════════════════════════════════════════════════════════════════════════════════════════════════════════════════════════════════════════════════════
 46 │ 822752278660603021077484591278675252491367932816789931674304512/57896044618658097711785492504343953926634992332820282019728792003956564819967 (≈ 0)
════╪════════════════════════════════════════════════════════════════════════════════════════════════════════════════════════════════════════════════════════════════════════
 47 │ 411376139330301510538742295639337626245683966408394965837152256/57896044618658097711785492504343953926634992332820282019728792003956564819967 (≈ 0)
════╪════════════════════════════════════════════════════════════════════════════════════════════════════════════════════════════════════════════════════════════════════════
 48 │ 205688069665150755269371147819668813122841983204197482918576128/57896044618658097711785492504343953926634992332820282019728792003956564819967 (≈ 0)
════╪════════════════════════════════════════════════════════════════════════════════════════════════════════════════════════════════════════════════════════════════════════
 49 │ 102844034832575377634685573909834406561420991602098741459288064/57896044618658097711785492504343953926634992332820282019728792003956564819967 (≈ 0)
════╪════════════════════════════════════════════════════════════════════════════════════════════════════════════════════════════════════════════════════════════════════════
 50 │ 51422017416287688817342786954917203280710495801049370729644032/57896044618658097711785492504343953926634992332820282019728792003956564819967 (≈ 0)
════╪════════════════════════════════════════════════════════════════════════════════════════════════════════════════════════════════════════════════════════════════════════
 51 │ 25711008708143844408671393477458601640355247900524685364822016/57896044618658097711785492504343953926634992332820282019728792003956564819967 (≈ 0)
════╪════════════════════════════════════════════════════════════════════════════════════════════════════════════════════════════════════════════════════════════════════════
 52 │ 12855504354071922204335696738729300820177623950262342682411008/57896044618658097711785492504343953926634992332820282019728792003956564819967 (≈ 0)
════╪════════════════════════════════════════════════════════════════════════════════════════════════════════════════════════════════════════════════════════════════════════
 53 │ 6427752177035961102167848369364650410088811975131171341205504/57896044618658097711785492504343953926634992332820282019728792003956564819967 (≈ 0)
════╪════════════════════════════════════════════════════════════════════════════════════════════════════════════════════════════════════════════════════════════════════════
 54 │ 3213876088517980551083924184682325205044405987565585670602752/57896044618658097711785492504343953926634992332820282019728792003956564819967 (≈ 0)
════╪════════════════════════════════════════════════════════════════════════════════════════════════════════════════════════════════════════════════════════════════════════
 55 │ 1606938044258990275541962092341162602522202993782792835301376/57896044618658097711785492504343953926634992332820282019728792003956564819967 (≈ 0)
════╪════════════════════════════════════════════════════════════════════════════════════════════════════════════════════════════════════════════════════════════════════════
 56 │ 803469022129495137770981046170581301261101496891396417650688/57896044618658097711785492504343953926634992332820282019728792003956564819967 (≈ 0)
════╪════════════════════════════════════════════════════════════════════════════════════════════════════════════════════════════════════════════════════════════════════════
 57 │ 401734511064747568885490523085290650630550748445698208825344/57896044618658097711785492504343953926634992332820282019728792003956564819967 (≈ 0)
════╪════════════════════════════════════════════════════════════════════════════════════════════════════════════════════════════════════════════════════════════════════════
 58 │ 200867255532373784442745261542645325315275374222849104412672/57896044618658097711785492504343953926634992332820282019728792003956564819967 (≈ 0)
════╪════════════════════════════════════════════════════════════════════════════════════════════════════════════════════════════════════════════════════════════════════════
 59 │ 100433627766186892221372630771322662657637687111424552206336/57896044618658097711785492504343953926634992332820282019728792003956564819967 (≈ 0)
════╪════════════════════════════════════════════════════════════════════════════════════════════════════════════════════════════════════════════════════════════════════════
 60 │ 50216813883093446110686315385661331328818843555712276103168/57896044618658097711785492504343953926634992332820282019728792003956564819967 (≈ 0)
════╪════════════════════════════════════════════════════════════════════════════════════════════════════════════════════════════════════════════════════════════════════════
 61 │ 25108406941546723055343157692830665664409421777856138051584/57896044618658097711785492504343953926634992332820282019728792003956564819967 (≈ 0)
════╪════════════════════════════════════════════════════════════════════════════════════════════════════════════════════════════════════════════════════════════════════════
 62 │ 12554203470773361527671578846415332832204710888928069025792/57896044618658097711785492504343953926634992332820282019728792003956564819967 (≈ 0)
════╪════════════════════════════════════════════════════════════════════════════════════════════════════════════════════════════════════════════════════════════════════════
 63 │ 6277101735386680763835789423207666416102355444464034512896/57896044618658097711785492504343953926634992332820282019728792003956564819967 (≈ 0)
════╪════════════════════════════════════════════════════════════════════════════════════════════════════════════════════════════════════════════════════════════════════════
 64 │ 3138550867693340381917894711603833208051177722232017256448/57896044618658097711785492504343953926634992332820282019728792003956564819967 (≈ 0)
════╪════════════════════════════════════════════════════════════════════════════════════════════════════════════════════════════════════════════════════════════════════════
 65 │ 1569275433846670190958947355801916604025588861116008628224/57896044618658097711785492504343953926634992332820282019728792003956564819967 (≈ 0)
════╪════════════════════════════════════════════════════════════════════════════════════════════════════════════════════════════════════════════════════════════════════════
 66 │ 784637716923335095479473677900958302012794430558004314112/57896044618658097711785492504343953926634992332820282019728792003956564819967 (≈ 0)
════╪════════════════════════════════════════════════════════════════════════════════════════════════════════════════════════════════════════════════════════════════════════
 67 │ 392318858461667547739736838950479151006397215279002157056/57896044618658097711785492504343953926634992332820282019728792003956564819967 (≈ 0)
════╪════════════════════════════════════════════════════════════════════════════════════════════════════════════════════════════════════════════════════════════════════════
 68 │ 196159429230833773869868419475239575503198607639501078528/57896044618658097711785492504343953926634992332820282019728792003956564819967 (≈ 0)
════╪════════════════════════════════════════════════════════════════════════════════════════════════════════════════════════════════════════════════════════════════════════
 69 │ 98079714615416886934934209737619787751599303819750539264/57896044618658097711785492504343953926634992332820282019728792003956564819967 (≈ 0)
════╪════════════════════════════════════════════════════════════════════════════════════════════════════════════════════════════════════════════════════════════════════════
 70 │ 49039857307708443467467104868809893875799651909875269632/57896044618658097711785492504343953926634992332820282019728792003956564819967 (≈ 0)
════╪════════════════════════════════════════════════════════════════════════════════════════════════════════════════════════════════════════════════════════════════════════
 71 │ 24519928653854221733733552434404946937899825954937634816/57896044618658097711785492504343953926634992332820282019728792003956564819967 (≈ 0)
════╪════════════════════════════════════════════════════════════════════════════════════════════════════════════════════════════════════════════════════════════════════════
 72 │ 12259964326927110866866776217202473468949912977468817408/57896044618658097711785492504343953926634992332820282019728792003956564819967 (≈ 0)
════╪════════════════════════════════════════════════════════════════════════════════════════════════════════════════════════════════════════════════════════════════════════
 73 │ 6129982163463555433433388108601236734474956488734408704/57896044618658097711785492504343953926634992332820282019728792003956564819967 (≈ 0)
════╪════════════════════════════════════════════════════════════════════════════════════════════════════════════════════════════════════════════════════════════════════════
 74 │ 3064991081731777716716694054300618367237478244367204352/57896044618658097711785492504343953926634992332820282019728792003956564819967 (≈ 0)
════╪════════════════════════════════════════════════════════════════════════════════════════════════════════════════════════════════════════════════════════════════════════
 75 │ 1532495540865888858358347027150309183618739122183602176/57896044618658097711785492504343953926634992332820282019728792003956564819967 (≈ 0)
════╪════════════════════════════════════════════════════════════════════════════════════════════════════════════════════════════════════════════════════════════════════════
 76 │ 766247770432944429179173513575154591809369561091801088/57896044618658097711785492504343953926634992332820282019728792003956564819967 (≈ 0)
════╪════════════════════════════════════════════════════════════════════════════════════════════════════════════════════════════════════════════════════════════════════════
 77 │ 383123885216472214589586756787577295904684780545900544/57896044618658097711785492504343953926634992332820282019728792003956564819967 (≈ 0)
════╪════════════════════════════════════════════════════════════════════════════════════════════════════════════════════════════════════════════════════════════════════════
 78 │ 191561942608236107294793378393788647952342390272950272/57896044618658097711785492504343953926634992332820282019728792003956564819967 (≈ 0)
════╪════════════════════════════════════════════════════════════════════════════════════════════════════════════════════════════════════════════════════════════════════════
 79 │ 95780971304118053647396689196894323976171195136475136/57896044618658097711785492504343953926634992332820282019728792003956564819967 (≈ 0)
════╪════════════════════════════════════════════════════════════════════════════════════════════════════════════════════════════════════════════════════════════════════════
 80 │ 47890485652059026823698344598447161988085597568237568/57896044618658097711785492504343953926634992332820282019728792003956564819967 (≈ 0)
════╪════════════════════════════════════════════════════════════════════════════════════════════════════════════════════════════════════════════════════════════════════════
 81 │ 23945242826029513411849172299223580994042798784118784/57896044618658097711785492504343953926634992332820282019728792003956564819967 (≈ 0)
════╪════════════════════════════════════════════════════════════════════════════════════════════════════════════════════════════════════════════════════════════════════════
 82 │ 11972621413014756705924586149611790497021399392059392/57896044618658097711785492504343953926634992332820282019728792003956564819967 (≈ 0)
════╪════════════════════════════════════════════════════════════════════════════════════════════════════════════════════════════════════════════════════════════════════════
 83 │ 5986310706507378352962293074805895248510699696029696/57896044618658097711785492504343953926634992332820282019728792003956564819967 (≈ 0)
════╪════════════════════════════════════════════════════════════════════════════════════════════════════════════════════════════════════════════════════════════════════════
 84 │ 2993155353253689176481146537402947624255349848014848/57896044618658097711785492504343953926634992332820282019728792003956564819967 (≈ 0)
════╪════════════════════════════════════════════════════════════════════════════════════════════════════════════════════════════════════════════════════════════════════════
 85 │ 1496577676626844588240573268701473812127674924007424/57896044618658097711785492504343953926634992332820282019728792003956564819967 (≈ 0)
════╪════════════════════════════════════════════════════════════════════════════════════════════════════════════════════════════════════════════════════════════════════════
 86 │ 748288838313422294120286634350736906063837462003712/57896044618658097711785492504343953926634992332820282019728792003956564819967 (≈ 0)
════╪════════════════════════════════════════════════════════════════════════════════════════════════════════════════════════════════════════════════════════════════════════
 87 │ 374144419156711147060143317175368453031918731001856/57896044618658097711785492504343953926634992332820282019728792003956564819967 (≈ 0)
════╪════════════════════════════════════════════════════════════════════════════════════════════════════════════════════════════════════════════════════════════════════════
 88 │ 187072209578355573530071658587684226515959365500928/57896044618658097711785492504343953926634992332820282019728792003956564819967 (≈ 0)
════╪════════════════════════════════════════════════════════════════════════════════════════════════════════════════════════════════════════════════════════════════════════
 89 │ 93536104789177786765035829293842113257979682750464/57896044618658097711785492504343953926634992332820282019728792003956564819967 (≈ 0)
════╪════════════════════════════════════════════════════════════════════════════════════════════════════════════════════════════════════════════════════════════════════════
 90 │ 46768052394588893382517914646921056628989841375232/57896044618658097711785492504343953926634992332820282019728792003956564819967 (≈ 0)
════╪════════════════════════════════════════════════════════════════════════════════════════════════════════════════════════════════════════════════════════════════════════
 91 │ 23384026197294446691258957323460528314494920687616/57896044618658097711785492504343953926634992332820282019728792003956564819967 (≈ 0)
════╪════════════════════════════════════════════════════════════════════════════════════════════════════════════════════════════════════════════════════════════════════════
 92 │ 11692013098647223345629478661730264157247460343808/57896044618658097711785492504343953926634992332820282019728792003956564819967 (≈ 0)
════╪════════════════════════════════════════════════════════════════════════════════════════════════════════════════════════════════════════════════════════════════════════
 93 │ 5846006549323611672814739330865132078623730171904/57896044618658097711785492504343953926634992332820282019728792003956564819967 (≈ 0)
════╪════════════════════════════════════════════════════════════════════════════════════════════════════════════════════════════════════════════════════════════════════════
 94 │ 2923003274661805836407369665432566039311865085952/57896044618658097711785492504343953926634992332820282019728792003956564819967 (≈ 0)
════╪════════════════════════════════════════════════════════════════════════════════════════════════════════════════════════════════════════════════════════════════════════
 95 │ 1461501637330902918203684832716283019655932542976/57896044618658097711785492504343953926634992332820282019728792003956564819967 (≈ 0)
════╪════════════════════════════════════════════════════════════════════════════════════════════════════════════════════════════════════════════════════════════════════════
 96 │ 730750818665451459101842416358141509827966271488/57896044618658097711785492504343953926634992332820282019728792003956564819967 (≈ 0)
════╪════════════════════════════════════════════════════════════════════════════════════════════════════════════════════════════════════════════════════════════════════════
 97 │ 365375409332725729550921208179070754913983135744/57896044618658097711785492504343953926634992332820282019728792003956564819967 (≈ 0)
════╪════════════════════════════════════════════════════════════════════════════════════════════════════════════════════════════════════════════════════════════════════════
 98 │ 182687704666362864775460604089535377456991567872/57896044618658097711785492504343953926634992332820282019728792003956564819967 (≈ 0)
════╪════════════════════════════════════════════════════════════════════════════════════════════════════════════════════════════════════════════════════════════════════════
 99 │ 91343852333181432387730302044767688728495783936/57896044618658097711785492504343953926634992332820282019728792003956564819967 (≈ 0)
════╪════════════════════════════════════════════════════════════════════════════════════════════════════════════════════════════════════════════════════════════════════════
100 │ 45671926166590716193865151022383844364247891968/57896044618658097711785492504343953926634992332820282019728792003956564819967 (≈ 0)
════╪════════════════════════════════════════════════════════════════════════════════════════════════════════════════════════════════════════════════════════════════════════
101 │ 22835963083295358096932575511191922182123945984/57896044618658097711785492504343953926634992332820282019728792003956564819967 (≈ 0)
════╪════════════════════════════════════════════════════════════════════════════════════════════════════════════════════════════════════════════════════════════════════════
102 │ 11417981541647679048466287755595961091061972992/57896044618658097711785492504343953926634992332820282019728792003956564819967 (≈ 0)
════╪════════════════════════════════════════════════════════════════════════════════════════════════════════════════════════════════════════════════════════════════════════
103 │ 5708990770823839524233143877797980545530986496/57896044618658097711785492504343953926634992332820282019728792003956564819967 (≈ 0)
════╪════════════════════════════════════════════════════════════════════════════════════════════════════════════════════════════════════════════════════════════════════════
104 │ 2854495385411919762116571938898990272765493248/57896044618658097711785492504343953926634992332820282019728792003956564819967 (≈ 0)
════╪════════════════════════════════════════════════════════════════════════════════════════════════════════════════════════════════════════════════════════════════════════
105 │ 1427247692705959881058285969449495136382746624/57896044618658097711785492504343953926634992332820282019728792003956564819967 (≈ 0)
════╪════════════════════════════════════════════════════════════════════════════════════════════════════════════════════════════════════════════════════════════════════════
106 │ 713623846352979940529142984724747568191373312/57896044618658097711785492504343953926634992332820282019728792003956564819967 (≈ 0)
════╪════════════════════════════════════════════════════════════════════════════════════════════════════════════════════════════════════════════════════════════════════════
107 │ 356811923176489970264571492362373784095686656/57896044618658097711785492504343953926634992332820282019728792003956564819967 (≈ 0)
════╪════════════════════════════════════════════════════════════════════════════════════════════════════════════════════════════════════════════════════════════════════════
108 │ 178405961588244985132285746181186892047843328/57896044618658097711785492504343953926634992332820282019728792003956564819967 (≈ 0)
════╪════════════════════════════════════════════════════════════════════════════════════════════════════════════════════════════════════════════════════════════════════════
109 │ 89202980794122492566142873090593446023921664/57896044618658097711785492504343953926634992332820282019728792003956564819967 (≈ 0)
════╪════════════════════════════════════════════════════════════════════════════════════════════════════════════════════════════════════════════════════════════════════════
110 │ 44601490397061246283071436545296723011960832/57896044618658097711785492504343953926634992332820282019728792003956564819967 (≈ 0)
════╪════════════════════════════════════════════════════════════════════════════════════════════════════════════════════════════════════════════════════════════════════════
111 │ 22300745198530623141535718272648361505980416/57896044618658097711785492504343953926634992332820282019728792003956564819967 (≈ 0)
════╪════════════════════════════════════════════════════════════════════════════════════════════════════════════════════════════════════════════════════════════════════════
112 │ 11150372599265311570767859136324180752990208/57896044618658097711785492504343953926634992332820282019728792003956564819967 (≈ 0)
════╪════════════════════════════════════════════════════════════════════════════════════════════════════════════════════════════════════════════════════════════════════════
113 │ 5575186299632655785383929568162090376495104/57896044618658097711785492504343953926634992332820282019728792003956564819967 (≈ 0)
════╪════════════════════════════════════════════════════════════════════════════════════════════════════════════════════════════════════════════════════════════════════════
114 │ 2787593149816327892691964784081045188247552/57896044618658097711785492504343953926634992332820282019728792003956564819967 (≈ 0)
════╪════════════════════════════════════════════════════════════════════════════════════════════════════════════════════════════════════════════════════════════════════════
115 │ 1393796574908163946345982392040522594123776/57896044618658097711785492504343953926634992332820282019728792003956564819967 (≈ 0)
════╪════════════════════════════════════════════════════════════════════════════════════════════════════════════════════════════════════════════════════════════════════════
116 │ 696898287454081973172991196020261297061888/57896044618658097711785492504343953926634992332820282019728792003956564819967 (≈ 0)
════╪════════════════════════════════════════════════════════════════════════════════════════════════════════════════════════════════════════════════════════════════════════
117 │ 348449143727040986586495598010130648530944/57896044618658097711785492504343953926634992332820282019728792003956564819967 (≈ 0)
════╪════════════════════════════════════════════════════════════════════════════════════════════════════════════════════════════════════════════════════════════════════════
118 │ 174224571863520493293247799005065324265472/57896044618658097711785492504343953926634992332820282019728792003956564819967 (≈ 0)
════╪════════════════════════════════════════════════════════════════════════════════════════════════════════════════════════════════════════════════════════════════════════
119 │ 87112285931760246646623899502532662132736/57896044618658097711785492504343953926634992332820282019728792003956564819967 (≈ 0)
════╪════════════════════════════════════════════════════════════════════════════════════════════════════════════════════════════════════════════════════════════════════════
120 │ 43556142965880123323311949751266331066368/57896044618658097711785492504343953926634992332820282019728792003956564819967 (≈ 0)
════╪════════════════════════════════════════════════════════════════════════════════════════════════════════════════════════════════════════════════════════════════════════
121 │ 21778071482940061661655974875633165533184/57896044618658097711785492504343953926634992332820282019728792003956564819967 (≈ 0)
════╪════════════════════════════════════════════════════════════════════════════════════════════════════════════════════════════════════════════════════════════════════════
122 │ 10889035741470030830827987437816582766592/57896044618658097711785492504343953926634992332820282019728792003956564819967 (≈ 0)
════╪════════════════════════════════════════════════════════════════════════════════════════════════════════════════════════════════════════════════════════════════════════
123 │ 5444517870735015415413993718908291383296/57896044618658097711785492504343953926634992332820282019728792003956564819967 (≈ 0)
════╪════════════════════════════════════════════════════════════════════════════════════════════════════════════════════════════════════════════════════════════════════════
124 │ 2722258935367507707706996859454145691648/57896044618658097711785492504343953926634992332820282019728792003956564819967 (≈ 0)
════╪════════════════════════════════════════════════════════════════════════════════════════════════════════════════════════════════════════════════════════════════════════
125 │ 1361129467683753853853498429727072845824/57896044618658097711785492504343953926634992332820282019728792003956564819967 (≈ 0)
════╪════════════════════════════════════════════════════════════════════════════════════════════════════════════════════════════════════════════════════════════════════════
126 │ 680564733841876926926749214863536422912/57896044618658097711785492504343953926634992332820282019728792003956564819967 (≈ 0)
════╪════════════════════════════════════════════════════════════════════════════════════════════════════════════════════════════════════════════════════════════════════════
127 │ 340282366920938463463374607431768211456/57896044618658097711785492504343953926634992332820282019728792003956564819967 (≈ 0)
════╪════════════════════════════════════════════════════════════════════════════════════════════════════════════════════════════════════════════════════════════════════════
128 │ 170141183460469231731687303715884105728/57896044618658097711785492504343953926634992332820282019728792003956564819967 (≈ 0)
════╪════════════════════════════════════════════════════════════════════════════════════════════════════════════════════════════════════════════════════════════════════════
129 │ 85070591730234615865843651857942052864/57896044618658097711785492504343953926634992332820282019728792003956564819967 (≈ 0)
════╪════════════════════════════════════════════════════════════════════════════════════════════════════════════════════════════════════════════════════════════════════════
130 │ 42535295865117307932921825928971026432/57896044618658097711785492504343953926634992332820282019728792003956564819967 (≈ 0)
════╪════════════════════════════════════════════════════════════════════════════════════════════════════════════════════════════════════════════════════════════════════════
131 │ 21267647932558653966460912964485513216/57896044618658097711785492504343953926634992332820282019728792003956564819967 (≈ 0)
════╪════════════════════════════════════════════════════════════════════════════════════════════════════════════════════════════════════════════════════════════════════════
132 │ 10633823966279326983230456482242756608/57896044618658097711785492504343953926634992332820282019728792003956564819967 (≈ 0)
════╪════════════════════════════════════════════════════════════════════════════════════════════════════════════════════════════════════════════════════════════════════════
133 │ 5316911983139663491615228241121378304/57896044618658097711785492504343953926634992332820282019728792003956564819967 (≈ 0)
════╪════════════════════════════════════════════════════════════════════════════════════════════════════════════════════════════════════════════════════════════════════════
134 │ 2658455991569831745807614120560689152/57896044618658097711785492504343953926634992332820282019728792003956564819967 (≈ 0)
════╪════════════════════════════════════════════════════════════════════════════════════════════════════════════════════════════════════════════════════════════════════════
135 │ 1329227995784915872903807060280344576/57896044618658097711785492504343953926634992332820282019728792003956564819967 (≈ 0)
════╪════════════════════════════════════════════════════════════════════════════════════════════════════════════════════════════════════════════════════════════════════════
136 │ 664613997892457936451903530140172288/57896044618658097711785492504343953926634992332820282019728792003956564819967 (≈ 0)
════╪════════════════════════════════════════════════════════════════════════════════════════════════════════════════════════════════════════════════════════════════════════
137 │ 332306998946228968225951765070086144/57896044618658097711785492504343953926634992332820282019728792003956564819967 (≈ 0)
════╪════════════════════════════════════════════════════════════════════════════════════════════════════════════════════════════════════════════════════════════════════════
138 │ 166153499473114484112975882535043072/57896044618658097711785492504343953926634992332820282019728792003956564819967 (≈ 0)
════╪════════════════════════════════════════════════════════════════════════════════════════════════════════════════════════════════════════════════════════════════════════
139 │ 83076749736557242056487941267521536/57896044618658097711785492504343953926634992332820282019728792003956564819967 (≈ 0)
════╪════════════════════════════════════════════════════════════════════════════════════════════════════════════════════════════════════════════════════════════════════════
140 │ 41538374868278621028243970633760768/57896044618658097711785492504343953926634992332820282019728792003956564819967 (≈ 0)
════╪════════════════════════════════════════════════════════════════════════════════════════════════════════════════════════════════════════════════════════════════════════
141 │ 20769187434139310514121985316880384/57896044618658097711785492504343953926634992332820282019728792003956564819967 (≈ 0)
════╪════════════════════════════════════════════════════════════════════════════════════════════════════════════════════════════════════════════════════════════════════════
142 │ 10384593717069655257060992658440192/57896044618658097711785492504343953926634992332820282019728792003956564819967 (≈ 0)
════╪════════════════════════════════════════════════════════════════════════════════════════════════════════════════════════════════════════════════════════════════════════
143 │ 5192296858534827628530496329220096/57896044618658097711785492504343953926634992332820282019728792003956564819967 (≈ 0)
════╪════════════════════════════════════════════════════════════════════════════════════════════════════════════════════════════════════════════════════════════════════════
144 │ 2596148429267413814265248164610048/57896044618658097711785492504343953926634992332820282019728792003956564819967 (≈ 0)
════╪════════════════════════════════════════════════════════════════════════════════════════════════════════════════════════════════════════════════════════════════════════
145 │ 1298074214633706907132624082305024/57896044618658097711785492504343953926634992332820282019728792003956564819967 (≈ 0)
════╪════════════════════════════════════════════════════════════════════════════════════════════════════════════════════════════════════════════════════════════════════════
146 │ 649037107316853453566312041152512/57896044618658097711785492504343953926634992332820282019728792003956564819967 (≈ 0)
════╪════════════════════════════════════════════════════════════════════════════════════════════════════════════════════════════════════════════════════════════════════════
147 │ 324518553658426726783156020576256/57896044618658097711785492504343953926634992332820282019728792003956564819967 (≈ 0)
════╪════════════════════════════════════════════════════════════════════════════════════════════════════════════════════════════════════════════════════════════════════════
148 │ 162259276829213363391578010288128/57896044618658097711785492504343953926634992332820282019728792003956564819967 (≈ 0)
════╪════════════════════════════════════════════════════════════════════════════════════════════════════════════════════════════════════════════════════════════════════════
149 │ 81129638414606681695789005144064/57896044618658097711785492504343953926634992332820282019728792003956564819967 (≈ 0)
════╪════════════════════════════════════════════════════════════════════════════════════════════════════════════════════════════════════════════════════════════════════════
150 │ 40564819207303340847894502572032/57896044618658097711785492504343953926634992332820282019728792003956564819967 (≈ 0)
════╪════════════════════════════════════════════════════════════════════════════════════════════════════════════════════════════════════════════════════════════════════════
151 │ 20282409603651670423947251286016/57896044618658097711785492504343953926634992332820282019728792003956564819967 (≈ 0)
════╪════════════════════════════════════════════════════════════════════════════════════════════════════════════════════════════════════════════════════════════════════════
152 │ 10141204801825835211973625643008/57896044618658097711785492504343953926634992332820282019728792003956564819967 (≈ 0)
════╪════════════════════════════════════════════════════════════════════════════════════════════════════════════════════════════════════════════════════════════════════════
153 │ 5070602400912917605986812821504/57896044618658097711785492504343953926634992332820282019728792003956564819967 (≈ 0)
════╪════════════════════════════════════════════════════════════════════════════════════════════════════════════════════════════════════════════════════════════════════════
154 │ 2535301200456458802993406410752/57896044618658097711785492504343953926634992332820282019728792003956564819967 (≈ 0)
════╪════════════════════════════════════════════════════════════════════════════════════════════════════════════════════════════════════════════════════════════════════════
155 │ 1267650600228229401496703205376/57896044618658097711785492504343953926634992332820282019728792003956564819967 (≈ 0)
════╪════════════════════════════════════════════════════════════════════════════════════════════════════════════════════════════════════════════════════════════════════════
156 │ 633825300114114700748351602688/57896044618658097711785492504343953926634992332820282019728792003956564819967 (≈ 0)
════╪════════════════════════════════════════════════════════════════════════════════════════════════════════════════════════════════════════════════════════════════════════
157 │ 316912650057057350374175801344/57896044618658097711785492504343953926634992332820282019728792003956564819967 (≈ 0)
════╪════════════════════════════════════════════════════════════════════════════════════════════════════════════════════════════════════════════════════════════════════════
158 │ 158456325028528675187087900672/57896044618658097711785492504343953926634992332820282019728792003956564819967 (≈ 0)
════╪════════════════════════════════════════════════════════════════════════════════════════════════════════════════════════════════════════════════════════════════════════
159 │ 79228162514264337593543950336/57896044618658097711785492504343953926634992332820282019728792003956564819967 (≈ 0)
════╪════════════════════════════════════════════════════════════════════════════════════════════════════════════════════════════════════════════════════════════════════════
160 │ 39614081257132168796771975168/57896044618658097711785492504343953926634992332820282019728792003956564819967 (≈ 0)
════╪════════════════════════════════════════════════════════════════════════════════════════════════════════════════════════════════════════════════════════════════════════
161 │ 19807040628566084398385987584/57896044618658097711785492504343953926634992332820282019728792003956564819967 (≈ 0)
════╪════════════════════════════════════════════════════════════════════════════════════════════════════════════════════════════════════════════════════════════════════════
162 │ 9903520314283042199192993792/57896044618658097711785492504343953926634992332820282019728792003956564819967 (≈ 0)
════╪════════════════════════════════════════════════════════════════════════════════════════════════════════════════════════════════════════════════════════════════════════
163 │ 4951760157141521099596496896/57896044618658097711785492504343953926634992332820282019728792003956564819967 (≈ 0)
════╪════════════════════════════════════════════════════════════════════════════════════════════════════════════════════════════════════════════════════════════════════════
164 │ 2475880078570760549798248448/57896044618658097711785492504343953926634992332820282019728792003956564819967 (≈ 0)
════╪════════════════════════════════════════════════════════════════════════════════════════════════════════════════════════════════════════════════════════════════════════
165 │ 1237940039285380274899124224/57896044618658097711785492504343953926634992332820282019728792003956564819967 (≈ 0)
════╪════════════════════════════════════════════════════════════════════════════════════════════════════════════════════════════════════════════════════════════════════════
166 │ 618970019642690137449562112/57896044618658097711785492504343953926634992332820282019728792003956564819967 (≈ 0)
════╪════════════════════════════════════════════════════════════════════════════════════════════════════════════════════════════════════════════════════════════════════════
167 │ 309485009821345068724781056/57896044618658097711785492504343953926634992332820282019728792003956564819967 (≈ 0)
════╪════════════════════════════════════════════════════════════════════════════════════════════════════════════════════════════════════════════════════════════════════════
168 │ 154742504910672534362390528/57896044618658097711785492504343953926634992332820282019728792003956564819967 (≈ 0)
════╪════════════════════════════════════════════════════════════════════════════════════════════════════════════════════════════════════════════════════════════════════════
169 │ 77371252455336267181195264/57896044618658097711785492504343953926634992332820282019728792003956564819967 (≈ 0)
════╪════════════════════════════════════════════════════════════════════════════════════════════════════════════════════════════════════════════════════════════════════════
170 │ 38685626227668133590597632/57896044618658097711785492504343953926634992332820282019728792003956564819967 (≈ 0)
════╪════════════════════════════════════════════════════════════════════════════════════════════════════════════════════════════════════════════════════════════════════════
171 │ 19342813113834066795298816/57896044618658097711785492504343953926634992332820282019728792003956564819967 (≈ 0)
════╪════════════════════════════════════════════════════════════════════════════════════════════════════════════════════════════════════════════════════════════════════════
172 │ 9671406556917033397649408/57896044618658097711785492504343953926634992332820282019728792003956564819967 (≈ 0)
════╪════════════════════════════════════════════════════════════════════════════════════════════════════════════════════════════════════════════════════════════════════════
173 │ 4835703278458516698824704/57896044618658097711785492504343953926634992332820282019728792003956564819967 (≈ 0)
════╪════════════════════════════════════════════════════════════════════════════════════════════════════════════════════════════════════════════════════════════════════════
174 │ 2417851639229258349412352/57896044618658097711785492504343953926634992332820282019728792003956564819967 (≈ 0)
════╪════════════════════════════════════════════════════════════════════════════════════════════════════════════════════════════════════════════════════════════════════════
175 │ 1208925819614629174706176/57896044618658097711785492504343953926634992332820282019728792003956564819967 (≈ 0)
════╪════════════════════════════════════════════════════════════════════════════════════════════════════════════════════════════════════════════════════════════════════════
176 │ 604462909807314587353088/57896044618658097711785492504343953926634992332820282019728792003956564819967 (≈ 0)
════╪════════════════════════════════════════════════════════════════════════════════════════════════════════════════════════════════════════════════════════════════════════
177 │ 302231454903657293676544/57896044618658097711785492504343953926634992332820282019728792003956564819967 (≈ 0)
════╪════════════════════════════════════════════════════════════════════════════════════════════════════════════════════════════════════════════════════════════════════════
178 │ 151115727451828646838272/57896044618658097711785492504343953926634992332820282019728792003956564819967 (≈ 0)
════╪════════════════════════════════════════════════════════════════════════════════════════════════════════════════════════════════════════════════════════════════════════
179 │ 75557863725914323419136/57896044618658097711785492504343953926634992332820282019728792003956564819967 (≈ 0)
════╪════════════════════════════════════════════════════════════════════════════════════════════════════════════════════════════════════════════════════════════════════════
180 │ 37778931862957161709568/57896044618658097711785492504343953926634992332820282019728792003956564819967 (≈ 0)
════╪════════════════════════════════════════════════════════════════════════════════════════════════════════════════════════════════════════════════════════════════════════
181 │ 18889465931478580854784/57896044618658097711785492504343953926634992332820282019728792003956564819967 (≈ 0)
════╪════════════════════════════════════════════════════════════════════════════════════════════════════════════════════════════════════════════════════════════════════════
182 │ 9444732965739290427392/57896044618658097711785492504343953926634992332820282019728792003956564819967 (≈ 0)
════╪════════════════════════════════════════════════════════════════════════════════════════════════════════════════════════════════════════════════════════════════════════
183 │ 4722366482869645213696/57896044618658097711785492504343953926634992332820282019728792003956564819967 (≈ 0)
════╪════════════════════════════════════════════════════════════════════════════════════════════════════════════════════════════════════════════════════════════════════════
184 │ 2361183241434822606848/57896044618658097711785492504343953926634992332820282019728792003956564819967 (≈ 0)
════╪════════════════════════════════════════════════════════════════════════════════════════════════════════════════════════════════════════════════════════════════════════
185 │ 1180591620717411303424/57896044618658097711785492504343953926634992332820282019728792003956564819967 (≈ 0)
════╪════════════════════════════════════════════════════════════════════════════════════════════════════════════════════════════════════════════════════════════════════════
186 │ 590295810358705651712/57896044618658097711785492504343953926634992332820282019728792003956564819967 (≈ 0)
════╪════════════════════════════════════════════════════════════════════════════════════════════════════════════════════════════════════════════════════════════════════════
187 │ 295147905179352825856/57896044618658097711785492504343953926634992332820282019728792003956564819967 (≈ 0)
════╪════════════════════════════════════════════════════════════════════════════════════════════════════════════════════════════════════════════════════════════════════════
188 │ 147573952589676412928/57896044618658097711785492504343953926634992332820282019728792003956564819967 (≈ 0)
════╪════════════════════════════════════════════════════════════════════════════════════════════════════════════════════════════════════════════════════════════════════════
189 │ 73786976294838206464/57896044618658097711785492504343953926634992332820282019728792003956564819967 (≈ 0)
════╪════════════════════════════════════════════════════════════════════════════════════════════════════════════════════════════════════════════════════════════════════════
190 │ 36893488147419103232/57896044618658097711785492504343953926634992332820282019728792003956564819967 (≈ 0)
════╪════════════════════════════════════════════════════════════════════════════════════════════════════════════════════════════════════════════════════════════════════════
191 │ 18446744073709551616/57896044618658097711785492504343953926634992332820282019728792003956564819967 (≈ 0)
════╪════════════════════════════════════════════════════════════════════════════════════════════════════════════════════════════════════════════════════════════════════════
192 │ 9223372036854775808/57896044618658097711785492504343953926634992332820282019728792003956564819967 (≈ 0)
════╪════════════════════════════════════════════════════════════════════════════════════════════════════════════════════════════════════════════════════════════════════════
193 │ 4611686018427387904/57896044618658097711785492504343953926634992332820282019728792003956564819967 (≈ 0)
════╪════════════════════════════════════════════════════════════════════════════════════════════════════════════════════════════════════════════════════════════════════════
194 │ 2305843009213693952/57896044618658097711785492504343953926634992332820282019728792003956564819967 (≈ 0)
════╪════════════════════════════════════════════════════════════════════════════════════════════════════════════════════════════════════════════════════════════════════════
195 │ 1152921504606846976/57896044618658097711785492504343953926634992332820282019728792003956564819967 (≈ 0)
════╪════════════════════════════════════════════════════════════════════════════════════════════════════════════════════════════════════════════════════════════════════════
196 │ 576460752303423488/57896044618658097711785492504343953926634992332820282019728792003956564819967 (≈ 0)
════╪════════════════════════════════════════════════════════════════════════════════════════════════════════════════════════════════════════════════════════════════════════
197 │ 288230376151711744/57896044618658097711785492504343953926634992332820282019728792003956564819967 (≈ 0)
════╪════════════════════════════════════════════════════════════════════════════════════════════════════════════════════════════════════════════════════════════════════════
198 │ 144115188075855872/57896044618658097711785492504343953926634992332820282019728792003956564819967 (≈ 0)
════╪════════════════════════════════════════════════════════════════════════════════════════════════════════════════════════════════════════════════════════════════════════
199 │ 72057594037927936/57896044618658097711785492504343953926634992332820282019728792003956564819967 (≈ 0)
════╪════════════════════════════════════════════════════════════════════════════════════════════════════════════════════════════════════════════════════════════════════════
200 │ 36028797018963968/57896044618658097711785492504343953926634992332820282019728792003956564819967 (≈ 0)
════╪════════════════════════════════════════════════════════════════════════════════════════════════════════════════════════════════════════════════════════════════════════
201 │ 18014398509481984/57896044618658097711785492504343953926634992332820282019728792003956564819967 (≈ 0)
════╪════════════════════════════════════════════════════════════════════════════════════════════════════════════════════════════════════════════════════════════════════════
202 │ 9007199254740992/57896044618658097711785492504343953926634992332820282019728792003956564819967 (≈ 0)
════╪════════════════════════════════════════════════════════════════════════════════════════════════════════════════════════════════════════════════════════════════════════
203 │ 4503599627370496/57896044618658097711785492504343953926634992332820282019728792003956564819967 (≈ 0)
════╪════════════════════════════════════════════════════════════════════════════════════════════════════════════════════════════════════════════════════════════════════════
204 │ 2251799813685248/57896044618658097711785492504343953926634992332820282019728792003956564819967 (≈ 0)
════╪════════════════════════════════════════════════════════════════════════════════════════════════════════════════════════════════════════════════════════════════════════
205 │ 1125899906842624/57896044618658097711785492504343953926634992332820282019728792003956564819967 (≈ 0)
════╪════════════════════════════════════════════════════════════════════════════════════════════════════════════════════════════════════════════════════════════════════════
206 │ 562949953421312/57896044618658097711785492504343953926634992332820282019728792003956564819967 (≈ 0)
════╪════════════════════════════════════════════════════════════════════════════════════════════════════════════════════════════════════════════════════════════════════════
207 │ 281474976710656/57896044618658097711785492504343953926634992332820282019728792003956564819967 (≈ 0)
════╪════════════════════════════════════════════════════════════════════════════════════════════════════════════════════════════════════════════════════════════════════════
208 │ 140737488355328/57896044618658097711785492504343953926634992332820282019728792003956564819967 (≈ 0)
════╪════════════════════════════════════════════════════════════════════════════════════════════════════════════════════════════════════════════════════════════════════════
209 │ 70368744177664/57896044618658097711785492504343953926634992332820282019728792003956564819967 (≈ 0)
════╪════════════════════════════════════════════════════════════════════════════════════════════════════════════════════════════════════════════════════════════════════════
210 │ 35184372088832/57896044618658097711785492504343953926634992332820282019728792003956564819967 (≈ 0)
════╪════════════════════════════════════════════════════════════════════════════════════════════════════════════════════════════════════════════════════════════════════════
211 │ 17592186044416/57896044618658097711785492504343953926634992332820282019728792003956564819967 (≈ 0)
════╪════════════════════════════════════════════════════════════════════════════════════════════════════════════════════════════════════════════════════════════════════════
212 │ 8796093022208/57896044618658097711785492504343953926634992332820282019728792003956564819967 (≈ 0)
════╪════════════════════════════════════════════════════════════════════════════════════════════════════════════════════════════════════════════════════════════════════════
213 │ 4398046511104/57896044618658097711785492504343953926634992332820282019728792003956564819967 (≈ 0)
════╪════════════════════════════════════════════════════════════════════════════════════════════════════════════════════════════════════════════════════════════════════════
214 │ 2199023255552/57896044618658097711785492504343953926634992332820282019728792003956564819967 (≈ 0)
════╪════════════════════════════════════════════════════════════════════════════════════════════════════════════════════════════════════════════════════════════════════════
215 │ 1099511627776/57896044618658097711785492504343953926634992332820282019728792003956564819967 (≈ 0)
════╪════════════════════════════════════════════════════════════════════════════════════════════════════════════════════════════════════════════════════════════════════════
216 │ 549755813888/57896044618658097711785492504343953926634992332820282019728792003956564819967 (≈ 0)
════╪════════════════════════════════════════════════════════════════════════════════════════════════════════════════════════════════════════════════════════════════════════
217 │ 274877906944/57896044618658097711785492504343953926634992332820282019728792003956564819967 (≈ 0)
════╪════════════════════════════════════════════════════════════════════════════════════════════════════════════════════════════════════════════════════════════════════════
218 │ 137438953472/57896044618658097711785492504343953926634992332820282019728792003956564819967 (≈ 0)
════╪════════════════════════════════════════════════════════════════════════════════════════════════════════════════════════════════════════════════════════════════════════
219 │ 68719476736/57896044618658097711785492504343953926634992332820282019728792003956564819967 (≈ 0)
════╪════════════════════════════════════════════════════════════════════════════════════════════════════════════════════════════════════════════════════════════════════════
220 │ 34359738368/57896044618658097711785492504343953926634992332820282019728792003956564819967 (≈ 0)
════╪════════════════════════════════════════════════════════════════════════════════════════════════════════════════════════════════════════════════════════════════════════
221 │ 17179869184/57896044618658097711785492504343953926634992332820282019728792003956564819967 (≈ 0)
════╪════════════════════════════════════════════════════════════════════════════════════════════════════════════════════════════════════════════════════════════════════════
222 │ 8589934592/57896044618658097711785492504343953926634992332820282019728792003956564819967 (≈ 0)
════╪════════════════════════════════════════════════════════════════════════════════════════════════════════════════════════════════════════════════════════════════════════
223 │ 4294967296/57896044618658097711785492504343953926634992332820282019728792003956564819967 (≈ 0)
════╪════════════════════════════════════════════════════════════════════════════════════════════════════════════════════════════════════════════════════════════════════════
224 │ 2147483648/57896044618658097711785492504343953926634992332820282019728792003956564819967 (≈ 0)
════╪════════════════════════════════════════════════════════════════════════════════════════════════════════════════════════════════════════════════════════════════════════
225 │ 1073741824/57896044618658097711785492504343953926634992332820282019728792003956564819967 (≈ 0)
════╪════════════════════════════════════════════════════════════════════════════════════════════════════════════════════════════════════════════════════════════════════════
226 │ 536870912/57896044618658097711785492504343953926634992332820282019728792003956564819967 (≈ 0)
════╪════════════════════════════════════════════════════════════════════════════════════════════════════════════════════════════════════════════════════════════════════════
227 │ 268435456/57896044618658097711785492504343953926634992332820282019728792003956564819967 (≈ 0)
════╪════════════════════════════════════════════════════════════════════════════════════════════════════════════════════════════════════════════════════════════════════════
228 │ 134217728/57896044618658097711785492504343953926634992332820282019728792003956564819967 (≈ 0)
════╪════════════════════════════════════════════════════════════════════════════════════════════════════════════════════════════════════════════════════════════════════════
229 │ 67108864/57896044618658097711785492504343953926634992332820282019728792003956564819967 (≈ 0)
════╪════════════════════════════════════════════════════════════════════════════════════════════════════════════════════════════════════════════════════════════════════════
230 │ 33554432/57896044618658097711785492504343953926634992332820282019728792003956564819967 (≈ 0)
════╪════════════════════════════════════════════════════════════════════════════════════════════════════════════════════════════════════════════════════════════════════════
231 │ 16777216/57896044618658097711785492504343953926634992332820282019728792003956564819967 (≈ 0)
════╪════════════════════════════════════════════════════════════════════════════════════════════════════════════════════════════════════════════════════════════════════════
232 │ 8388608/57896044618658097711785492504343953926634992332820282019728792003956564819967 (≈ 0)
════╪════════════════════════════════════════════════════════════════════════════════════════════════════════════════════════════════════════════════════════════════════════
233 │ 4194304/57896044618658097711785492504343953926634992332820282019728792003956564819967 (≈ 0)
════╪════════════════════════════════════════════════════════════════════════════════════════════════════════════════════════════════════════════════════════════════════════
234 │ 2097152/57896044618658097711785492504343953926634992332820282019728792003956564819967 (≈ 0)
════╪════════════════════════════════════════════════════════════════════════════════════════════════════════════════════════════════════════════════════════════════════════
235 │ 1048576/57896044618658097711785492504343953926634992332820282019728792003956564819967 (≈ 0)
════╪════════════════════════════════════════════════════════════════════════════════════════════════════════════════════════════════════════════════════════════════════════
236 │ 524288/57896044618658097711785492504343953926634992332820282019728792003956564819967 (≈ 0)
════╪════════════════════════════════════════════════════════════════════════════════════════════════════════════════════════════════════════════════════════════════════════
237 │ 262144/57896044618658097711785492504343953926634992332820282019728792003956564819967 (≈ 0)
════╪════════════════════════════════════════════════════════════════════════════════════════════════════════════════════════════════════════════════════════════════════════
238 │ 131072/57896044618658097711785492504343953926634992332820282019728792003956564819967 (≈ 0)
════╪════════════════════════════════════════════════════════════════════════════════════════════════════════════════════════════════════════════════════════════════════════
239 │ 65536/57896044618658097711785492504343953926634992332820282019728792003956564819967 (≈ 0)
════╪════════════════════════════════════════════════════════════════════════════════════════════════════════════════════════════════════════════════════════════════════════
240 │ 32768/57896044618658097711785492504343953926634992332820282019728792003956564819967 (≈ 0)
════╪════════════════════════════════════════════════════════════════════════════════════════════════════════════════════════════════════════════════════════════════════════
241 │ 16384/57896044618658097711785492504343953926634992332820282019728792003956564819967 (≈ 0)
════╪════════════════════════════════════════════════════════════════════════════════════════════════════════════════════════════════════════════════════════════════════════
242 │ 8192/57896044618658097711785492504343953926634992332820282019728792003956564819967 (≈ 0)
════╪════════════════════════════════════════════════════════════════════════════════════════════════════════════════════════════════════════════════════════════════════════
243 │ 4096/57896044618658097711785492504343953926634992332820282019728792003956564819967 (≈ 0)
════╪════════════════════════════════════════════════════════════════════════════════════════════════════════════════════════════════════════════════════════════════════════
244 │ 2048/57896044618658097711785492504343953926634992332820282019728792003956564819967 (≈ 0)
════╪════════════════════════════════════════════════════════════════════════════════════════════════════════════════════════════════════════════════════════════════════════
245 │ 1024/57896044618658097711785492504343953926634992332820282019728792003956564819967 (≈ 0)
════╪════════════════════════════════════════════════════════════════════════════════════════════════════════════════════════════════════════════════════════════════════════
246 │ 512/57896044618658097711785492504343953926634992332820282019728792003956564819967 (≈ 0)
════╪════════════════════════════════════════════════════════════════════════════════════════════════════════════════════════════════════════════════════════════════════════
247 │ 256/57896044618658097711785492504343953926634992332820282019728792003956564819967 (≈ 0)
════╪════════════════════════════════════════════════════════════════════════════════════════════════════════════════════════════════════════════════════════════════════════
248 │ 128/57896044618658097711785492504343953926634992332820282019728792003956564819967 (≈ 0)
════╪════════════════════════════════════════════════════════════════════════════════════════════════════════════════════════════════════════════════════════════════════════
249 │ 64/57896044618658097711785492504343953926634992332820282019728792003956564819967 (≈ 0)
════╪════════════════════════════════════════════════════════════════════════════════════════════════════════════════════════════════════════════════════════════════════════
250 │ 32/57896044618658097711785492504343953926634992332820282019728792003956564819967 (≈ 0)
════╪════════════════════════════════════════════════════════════════════════════════════════════════════════════════════════════════════════════════════════════════════════
251 │ 16/57896044618658097711785492504343953926634992332820282019728792003956564819967 (≈ 0)
════╪════════════════════════════════════════════════════════════════════════════════════════════════════════════════════════════════════════════════════════════════════════
252 │ 8/57896044618658097711785492504343953926634992332820282019728792003956564819967 (≈ 0)
════╪════════════════════════════════════════════════════════════════════════════════════════════════════════════════════════════════════════════════════════════════════════
253 │ 4/57896044618658097711785492504343953926634992332820282019728792003956564819967 (≈ 0)
════╪════════════════════════════════════════════════════════════════════════════════════════════════════════════════════════════════════════════════════════════════════════
254 │ 2/57896044618658097711785492504343953926634992332820282019728792003956564819967 (≈ 0)
════╪════════════════════════════════════════════════════════════════════════════════════════════════════════════════════════════════════════════════════════════════════════
255 │ 1/57896044618658097711785492504343953926634992332820282019728792003956564819967 (≈ 0)
════╪════════════════════════════════════════════════════════════════════════════════════════════════════════════════════════════════════════════════════════════════════════
∑   │ 1
════╧════════════════════════════════════════════════════════════════════════════════════════════════════════════════════════════════════════════════════════════════════════
