═══════════╤════════════════════
"x" ->   0 │ 1/256 (≈ 0.0039062)
═══════════╪════════════════════
"x" ->   1 │ 1/256 (≈ 0.0039062)
═══════════╪════════════════════
"x" ->   2 │ 1/256 (≈ 0.0039062)
═══════════╪════════════════════
"x" ->   3 │ 1/256 (≈ 0.0039062)
═══════════╪════════════════════
"x" ->   4 │ 1/256 (≈ 0.0039062)
═══════════╪════════════════════
"x" ->   5 │ 1/256 (≈ 0.0039062)
═══════════╪════════════════════
"x" ->   6 │ 1/256 (≈ 0.0039062)
═══════════╪════════════════════
"x" ->   7 │ 1/256 (≈ 0.0039062)
═══════════╪════════════════════
"x" ->   8 │ 1/256 (≈ 0.0039062)
═══════════╪════════════════════
"x" ->   9 │ 1/256 (≈ 0.0039062)
═══════════╪════════════════════
"x" ->  10 │ 1/256 (≈ 0.0039062)
═══════════╪════════════════════
"x" ->  11 │ 1/256 (≈ 0.0039062)
═══════════╪════════════════════
"x" ->  12 │ 1/256 (≈ 0.0039062)
═══════════╪════════════════════
"x" ->  13 │ 1/256 (≈ 0.0039062)
═══════════╪════════════════════
"x" ->  14 │ 1/256 (≈ 0.0039062)
═══════════╪════════════════════
"x" ->  15 │ 1/256 (≈ 0.0039062)
═══════════╪════════════════════
"x" ->  16 │ 1/256 (≈ 0.0039062)
═══════════╪════════════════════
"x" ->  17 │ 1/256 (≈ 0.0039062)
═══════════╪════════════════════
"x" ->  18 │ 1/256 (≈ 0.0039062)
═══════════╪════════════════════
"x" ->  19 │ 1/256 (≈ 0.0039062)
═══════════╪════════════════════
"x" ->  20 │ 1/256 (≈ 0.0039062)
═══════════╪════════════════════
"x" ->  21 │ 1/256 (≈ 0.0039062)
═══════════╪════════════════════
"x" ->  22 │ 1/256 (≈ 0.0039062)
═══════════╪════════════════════
"x" ->  23 │ 1/256 (≈ 0.0039062)
═══════════╪════════════════════
"x" ->  24 │ 1/256 (≈ 0.0039062)
═══════════╪════════════════════
"x" ->  25 │ 1/256 (≈ 0.0039062)
═══════════╪════════════════════
"x" ->  26 │ 1/256 (≈ 0.0039062)
═══════════╪════════════════════
"x" ->  27 │ 1/256 (≈ 0.0039062)
═══════════╪════════════════════
"x" ->  28 │ 1/256 (≈ 0.0039062)
═══════════╪════════════════════
"x" ->  29 │ 1/256 (≈ 0.0039062)
═══════════╪════════════════════
"x" ->  30 │ 1/256 (≈ 0.0039062)
═══════════╪════════════════════
"x" ->  31 │ 1/256 (≈ 0.0039062)
═══════════╪════════════════════
"x" ->  32 │ 1/256 (≈ 0.0039062)
═══════════╪════════════════════
"x" ->  33 │ 1/256 (≈ 0.0039062)
═══════════╪════════════════════
"x" ->  34 │ 1/256 (≈ 0.0039062)
═══════════╪════════════════════
"x" ->  35 │ 1/256 (≈ 0.0039062)
═══════════╪════════════════════
"x" ->  36 │ 1/256 (≈ 0.0039062)
═══════════╪════════════════════
"x" ->  37 │ 1/256 (≈ 0.0039062)
═══════════╪════════════════════
"x" ->  38 │ 1/256 (≈ 0.0039062)
═══════════╪════════════════════
"x" ->  39 │ 1/256 (≈ 0.0039062)
═══════════╪════════════════════
"x" ->  40 │ 1/256 (≈ 0.0039062)
═══════════╪════════════════════
"x" ->  41 │ 1/256 (≈ 0.0039062)
═══════════╪════════════════════
"x" ->  42 │ 1/256 (≈ 0.0039062)
═══════════╪════════════════════
"x" ->  43 │ 1/256 (≈ 0.0039062)
═══════════╪════════════════════
"x" ->  44 │ 1/256 (≈ 0.0039062)
═══════════╪════════════════════
"x" ->  45 │ 1/256 (≈ 0.0039062)
═══════════╪════════════════════
"x" ->  46 │ 1/256 (≈ 0.0039062)
═══════════╪════════════════════
"x" ->  47 │ 1/256 (≈ 0.0039062)
═══════════╪════════════════════
"x" ->  48 │ 1/256 (≈ 0.0039062)
═══════════╪════════════════════
"x" ->  49 │ 1/256 (≈ 0.0039062)
═══════════╪════════════════════
"x" ->  50 │ 1/256 (≈ 0.0039062)
═══════════╪════════════════════
"x" ->  51 │ 1/256 (≈ 0.0039062)
═══════════╪════════════════════
"x" ->  52 │ 1/256 (≈ 0.0039062)
═══════════╪════════════════════
"x" ->  53 │ 1/256 (≈ 0.0039062)
═══════════╪════════════════════
"x" ->  54 │ 1/256 (≈ 0.0039062)
═══════════╪════════════════════
"x" ->  55 │ 1/256 (≈ 0.0039062)
═══════════╪════════════════════
"x" ->  56 │ 1/256 (≈ 0.0039062)
═══════════╪════════════════════
"x" ->  57 │ 1/256 (≈ 0.0039062)
═══════════╪════════════════════
"x" ->  58 │ 1/256 (≈ 0.0039062)
═══════════╪════════════════════
"x" ->  59 │ 1/256 (≈ 0.0039062)
═══════════╪════════════════════
"x" ->  60 │ 1/256 (≈ 0.0039062)
═══════════╪════════════════════
"x" ->  61 │ 1/256 (≈ 0.0039062)
═══════════╪════════════════════
"x" ->  62 │ 1/256 (≈ 0.0039062)
═══════════╪════════════════════
"x" ->  63 │ 1/256 (≈ 0.0039062)
═══════════╪════════════════════
"x" ->  64 │ 1/256 (≈ 0.0039062)
═══════════╪════════════════════
"x" ->  65 │ 1/256 (≈ 0.0039062)
═══════════╪════════════════════
"x" ->  66 │ 1/256 (≈ 0.0039062)
═══════════╪════════════════════
"x" ->  67 │ 1/256 (≈ 0.0039062)
═══════════╪════════════════════
"x" ->  68 │ 1/256 (≈ 0.0039062)
═══════════╪════════════════════
"x" ->  69 │ 1/256 (≈ 0.0039062)
═══════════╪════════════════════
"x" ->  70 │ 1/256 (≈ 0.0039062)
═══════════╪════════════════════
"x" ->  71 │ 1/256 (≈ 0.0039062)
═══════════╪════════════════════
"x" ->  72 │ 1/256 (≈ 0.0039062)
═══════════╪════════════════════
"x" ->  73 │ 1/256 (≈ 0.0039062)
═══════════╪════════════════════
"x" ->  74 │ 1/256 (≈ 0.0039062)
═══════════╪════════════════════
"x" ->  75 │ 1/256 (≈ 0.0039062)
═══════════╪════════════════════
"x" ->  76 │ 1/256 (≈ 0.0039062)
═══════════╪════════════════════
"x" ->  77 │ 1/256 (≈ 0.0039062)
═══════════╪════════════════════
"x" ->  78 │ 1/256 (≈ 0.0039062)
═══════════╪════════════════════
"x" ->  79 │ 1/256 (≈ 0.0039062)
═══════════╪════════════════════
"x" ->  80 │ 1/256 (≈ 0.0039062)
═══════════╪════════════════════
"x" ->  81 │ 1/256 (≈ 0.0039062)
═══════════╪════════════════════
"x" ->  82 │ 1/256 (≈ 0.0039062)
═══════════╪════════════════════
"x" ->  83 │ 1/256 (≈ 0.0039062)
═══════════╪════════════════════
"x" ->  84 │ 1/256 (≈ 0.0039062)
═══════════╪════════════════════
"x" ->  85 │ 1/256 (≈ 0.0039062)
═══════════╪════════════════════
"x" ->  86 │ 1/256 (≈ 0.0039062)
═══════════╪════════════════════
"x" ->  87 │ 1/256 (≈ 0.0039062)
═══════════╪════════════════════
"x" ->  88 │ 1/256 (≈ 0.0039062)
═══════════╪════════════════════
"x" ->  89 │ 1/256 (≈ 0.0039062)
═══════════╪════════════════════
"x" ->  90 │ 1/256 (≈ 0.0039062)
═══════════╪════════════════════
"x" ->  91 │ 1/256 (≈ 0.0039062)
═══════════╪════════════════════
"x" ->  92 │ 1/256 (≈ 0.0039062)
═══════════╪════════════════════
"x" ->  93 │ 1/256 (≈ 0.0039062)
═══════════╪════════════════════
"x" ->  94 │ 1/256 (≈ 0.0039062)
═══════════╪════════════════════
"x" ->  95 │ 1/256 (≈ 0.0039062)
═══════════╪════════════════════
"x" ->  96 │ 1/256 (≈ 0.0039062)
═══════════╪════════════════════
"x" ->  97 │ 1/256 (≈ 0.0039062)
═══════════╪════════════════════
"x" ->  98 │ 1/256 (≈ 0.0039062)
═══════════╪════════════════════
"x" ->  99 │ 1/256 (≈ 0.0039062)
═══════════╪════════════════════
"x" -> 100 │ 1/256 (≈ 0.0039062)
═══════════╪════════════════════
"x" -> 101 │ 1/256 (≈ 0.0039062)
═══════════╪════════════════════
"x" -> 102 │ 1/256 (≈ 0.0039062)
═══════════╪════════════════════
"x" -> 103 │ 1/256 (≈ 0.0039062)
═══════════╪════════════════════
"x" -> 104 │ 1/256 (≈ 0.0039062)
═══════════╪════════════════════
"x" -> 105 │ 1/256 (≈ 0.0039062)
═══════════╪════════════════════
"x" -> 106 │ 1/256 (≈ 0.0039062)
═══════════╪════════════════════
"x" -> 107 │ 1/256 (≈ 0.0039062)
═══════════╪════════════════════
"x" -> 108 │ 1/256 (≈ 0.0039062)
═══════════╪════════════════════
"x" -> 109 │ 1/256 (≈ 0.0039062)
═══════════╪════════════════════
"x" -> 110 │ 1/256 (≈ 0.0039062)
═══════════╪════════════════════
"x" -> 111 │ 1/256 (≈ 0.0039062)
═══════════╪════════════════════
"x" -> 112 │ 1/256 (≈ 0.0039062)
═══════════╪════════════════════
"x" -> 113 │ 1/256 (≈ 0.0039062)
═══════════╪════════════════════
"x" -> 114 │ 1/256 (≈ 0.0039062)
═══════════╪════════════════════
"x" -> 115 │ 1/256 (≈ 0.0039062)
═══════════╪════════════════════
"x" -> 116 │ 1/256 (≈ 0.0039062)
═══════════╪════════════════════
"x" -> 117 │ 1/256 (≈ 0.0039062)
═══════════╪════════════════════
"x" -> 118 │ 1/256 (≈ 0.0039062)
═══════════╪════════════════════
"x" -> 119 │ 1/256 (≈ 0.0039062)
═══════════╪════════════════════
"x" -> 120 │ 1/256 (≈ 0.0039062)
═══════════╪════════════════════
"x" -> 121 │ 1/256 (≈ 0.0039062)
═══════════╪════════════════════
"x" -> 122 │ 1/256 (≈ 0.0039062)
═══════════╪════════════════════
"x" -> 123 │ 1/256 (≈ 0.0039062)
═══════════╪════════════════════
"x" -> 124 │ 1/256 (≈ 0.0039062)
═══════════╪════════════════════
"x" -> 125 │ 1/256 (≈ 0.0039062)
═══════════╪════════════════════
"x" -> 126 │ 1/256 (≈ 0.0039062)
═══════════╪════════════════════
"x" -> 127 │ 1/256 (≈ 0.0039062)
═══════════╪════════════════════
"x" -> 128 │ 1/256 (≈ 0.0039062)
═══════════╪════════════════════
"x" -> 129 │ 1/256 (≈ 0.0039062)
═══════════╪════════════════════
"x" -> 130 │ 1/256 (≈ 0.0039062)
═══════════╪════════════════════
"x" -> 131 │ 1/256 (≈ 0.0039062)
═══════════╪════════════════════
"x" -> 132 │ 1/256 (≈ 0.0039062)
═══════════╪════════════════════
"x" -> 133 │ 1/256 (≈ 0.0039062)
═══════════╪════════════════════
"x" -> 134 │ 1/256 (≈ 0.0039062)
═══════════╪════════════════════
"x" -> 135 │ 1/256 (≈ 0.0039062)
═══════════╪════════════════════
"x" -> 136 │ 1/256 (≈ 0.0039062)
═══════════╪════════════════════
"x" -> 137 │ 1/256 (≈ 0.0039062)
═══════════╪════════════════════
"x" -> 138 │ 1/256 (≈ 0.0039062)
═══════════╪════════════════════
"x" -> 139 │ 1/256 (≈ 0.0039062)
═══════════╪════════════════════
"x" -> 140 │ 1/256 (≈ 0.0039062)
═══════════╪════════════════════
"x" -> 141 │ 1/256 (≈ 0.0039062)
═══════════╪════════════════════
"x" -> 142 │ 1/256 (≈ 0.0039062)
═══════════╪════════════════════
"x" -> 143 │ 1/256 (≈ 0.0039062)
═══════════╪════════════════════
"x" -> 144 │ 1/256 (≈ 0.0039062)
═══════════╪════════════════════
"x" -> 145 │ 1/256 (≈ 0.0039062)
═══════════╪════════════════════
"x" -> 146 │ 1/256 (≈ 0.0039062)
═══════════╪════════════════════
"x" -> 147 │ 1/256 (≈ 0.0039062)
═══════════╪════════════════════
"x" -> 148 │ 1/256 (≈ 0.0039062)
═══════════╪════════════════════
"x" -> 149 │ 1/256 (≈ 0.0039062)
═══════════╪════════════════════
"x" -> 150 │ 1/256 (≈ 0.0039062)
═══════════╪════════════════════
"x" -> 151 │ 1/256 (≈ 0.0039062)
═══════════╪════════════════════
"x" -> 152 │ 1/256 (≈ 0.0039062)
═══════════╪════════════════════
"x" -> 153 │ 1/256 (≈ 0.0039062)
═══════════╪════════════════════
"x" -> 154 │ 1/256 (≈ 0.0039062)
═══════════╪════════════════════
"x" -> 155 │ 1/256 (≈ 0.0039062)
═══════════╪════════════════════
"x" -> 156 │ 1/256 (≈ 0.0039062)
═══════════╪════════════════════
"x" -> 157 │ 1/256 (≈ 0.0039062)
═══════════╪════════════════════
"x" -> 158 │ 1/256 (≈ 0.0039062)
═══════════╪════════════════════
"x" -> 159 │ 1/256 (≈ 0.0039062)
═══════════╪════════════════════
"x" -> 160 │ 1/256 (≈ 0.0039062)
═══════════╪════════════════════
"x" -> 161 │ 1/256 (≈ 0.0039062)
═══════════╪════════════════════
"x" -> 162 │ 1/256 (≈ 0.0039062)
═══════════╪════════════════════
"x" -> 163 │ 1/256 (≈ 0.0039062)
═══════════╪════════════════════
"x" -> 164 │ 1/256 (≈ 0.0039062)
═══════════╪════════════════════
"x" -> 165 │ 1/256 (≈ 0.0039062)
═══════════╪════════════════════
"x" -> 166 │ 1/256 (≈ 0.0039062)
═══════════╪════════════════════
"x" -> 167 │ 1/256 (≈ 0.0039062)
═══════════╪════════════════════
"x" -> 168 │ 1/256 (≈ 0.0039062)
═══════════╪════════════════════
"x" -> 169 │ 1/256 (≈ 0.0039062)
═══════════╪════════════════════
"x" -> 170 │ 1/256 (≈ 0.0039062)
═══════════╪════════════════════
"x" -> 171 │ 1/256 (≈ 0.0039062)
═══════════╪════════════════════
"x" -> 172 │ 1/256 (≈ 0.0039062)
═══════════╪════════════════════
"x" -> 173 │ 1/256 (≈ 0.0039062)
═══════════╪════════════════════
"x" -> 174 │ 1/256 (≈ 0.0039062)
═══════════╪════════════════════
"x" -> 175 │ 1/256 (≈ 0.0039062)
═══════════╪════════════════════
"x" -> 176 │ 1/256 (≈ 0.0039062)
═══════════╪════════════════════
"x" -> 177 │ 1/256 (≈ 0.0039062)
═══════════╪════════════════════
"x" -> 178 │ 1/256 (≈ 0.0039062)
═══════════╪════════════════════
"x" -> 179 │ 1/256 (≈ 0.0039062)
═══════════╪════════════════════
"x" -> 180 │ 1/256 (≈ 0.0039062)
═══════════╪════════════════════
"x" -> 181 │ 1/256 (≈ 0.0039062)
═══════════╪════════════════════
"x" -> 182 │ 1/256 (≈ 0.0039062)
═══════════╪════════════════════
"x" -> 183 │ 1/256 (≈ 0.0039062)
═══════════╪════════════════════
"x" -> 184 │ 1/256 (≈ 0.0039062)
═══════════╪════════════════════
"x" -> 185 │ 1/256 (≈ 0.0039062)
═══════════╪════════════════════
"x" -> 186 │ 1/256 (≈ 0.0039062)
═══════════╪════════════════════
"x" -> 187 │ 1/256 (≈ 0.0039062)
═══════════╪════════════════════
"x" -> 188 │ 1/256 (≈ 0.0039062)
═══════════╪════════════════════
"x" -> 189 │ 1/256 (≈ 0.0039062)
═══════════╪════════════════════
"x" -> 190 │ 1/256 (≈ 0.0039062)
═══════════╪════════════════════
"x" -> 191 │ 1/256 (≈ 0.0039062)
═══════════╪════════════════════
"x" -> 192 │ 1/256 (≈ 0.0039062)
═══════════╪════════════════════
"x" -> 193 │ 1/256 (≈ 0.0039062)
═══════════╪════════════════════
"x" -> 194 │ 1/256 (≈ 0.0039062)
═══════════╪════════════════════
"x" -> 195 │ 1/256 (≈ 0.0039062)
═══════════╪════════════════════
"x" -> 196 │ 1/256 (≈ 0.0039062)
═══════════╪════════════════════
"x" -> 197 │ 1/256 (≈ 0.0039062)
═══════════╪════════════════════
"x" -> 198 │ 1/256 (≈ 0.0039062)
═══════════╪════════════════════
"x" -> 199 │ 1/256 (≈ 0.0039062)
═══════════╪════════════════════
"x" -> 200 │ 1/256 (≈ 0.0039062)
═══════════╪════════════════════
"x" -> 201 │ 1/256 (≈ 0.0039062)
═══════════╪════════════════════
"x" -> 202 │ 1/256 (≈ 0.0039062)
═══════════╪════════════════════
"x" -> 203 │ 1/256 (≈ 0.0039062)
═══════════╪════════════════════
"x" -> 204 │ 1/256 (≈ 0.0039062)
═══════════╪════════════════════
"x" -> 205 │ 1/256 (≈ 0.0039062)
═══════════╪════════════════════
"x" -> 206 │ 1/256 (≈ 0.0039062)
═══════════╪════════════════════
"x" -> 207 │ 1/256 (≈ 0.0039062)
═══════════╪════════════════════
"x" -> 208 │ 1/256 (≈ 0.0039062)
═══════════╪════════════════════
"x" -> 209 │ 1/256 (≈ 0.0039062)
═══════════╪════════════════════
"x" -> 210 │ 1/256 (≈ 0.0039062)
═══════════╪════════════════════
"x" -> 211 │ 1/256 (≈ 0.0039062)
═══════════╪════════════════════
"x" -> 212 │ 1/256 (≈ 0.0039062)
═══════════╪════════════════════
"x" -> 213 │ 1/256 (≈ 0.0039062)
═══════════╪════════════════════
"x" -> 214 │ 1/256 (≈ 0.0039062)
═══════════╪════════════════════
"x" -> 215 │ 1/256 (≈ 0.0039062)
═══════════╪════════════════════
"x" -> 216 │ 1/256 (≈ 0.0039062)
═══════════╪════════════════════
"x" -> 217 │ 1/256 (≈ 0.0039062)
═══════════╪════════════════════
"x" -> 218 │ 1/256 (≈ 0.0039062)
═══════════╪════════════════════
"x" -> 219 │ 1/256 (≈ 0.0039062)
═══════════╪════════════════════
"x" -> 220 │ 1/256 (≈ 0.0039062)
═══════════╪════════════════════
"x" -> 221 │ 1/256 (≈ 0.0039062)
═══════════╪════════════════════
"x" -> 222 │ 1/256 (≈ 0.0039062)
═══════════╪════════════════════
"x" -> 223 │ 1/256 (≈ 0.0039062)
═══════════╪════════════════════
"x" -> 224 │ 1/256 (≈ 0.0039062)
═══════════╪════════════════════
"x" -> 225 │ 1/256 (≈ 0.0039062)
═══════════╪════════════════════
"x" -> 226 │ 1/256 (≈ 0.0039062)
═══════════╪════════════════════
"x" -> 227 │ 1/256 (≈ 0.0039062)
═══════════╪════════════════════
"x" -> 228 │ 1/256 (≈ 0.0039062)
═══════════╪════════════════════
"x" -> 229 │ 1/256 (≈ 0.0039062)
═══════════╪════════════════════
"x" -> 230 │ 1/256 (≈ 0.0039062)
═══════════╪════════════════════
"x" -> 231 │ 1/256 (≈ 0.0039062)
═══════════╪════════════════════
"x" -> 232 │ 1/256 (≈ 0.0039062)
═══════════╪════════════════════
"x" -> 233 │ 1/256 (≈ 0.0039062)
═══════════╪════════════════════
"x" -> 234 │ 1/256 (≈ 0.0039062)
═══════════╪════════════════════
"x" -> 235 │ 1/256 (≈ 0.0039062)
═══════════╪════════════════════
"x" -> 236 │ 1/256 (≈ 0.0039062)
═══════════╪════════════════════
"x" -> 237 │ 1/256 (≈ 0.0039062)
═══════════╪════════════════════
"x" -> 238 │ 1/256 (≈ 0.0039062)
═══════════╪════════════════════
"x" -> 239 │ 1/256 (≈ 0.0039062)
═══════════╪════════════════════
"x" -> 240 │ 1/256 (≈ 0.0039062)
═══════════╪════════════════════
"x" -> 241 │ 1/256 (≈ 0.0039062)
═══════════╪════════════════════
"x" -> 242 │ 1/256 (≈ 0.0039062)
═══════════╪════════════════════
"x" -> 243 │ 1/256 (≈ 0.0039062)
═══════════╪════════════════════
"x" -> 244 │ 1/256 (≈ 0.0039062)
═══════════╪════════════════════
"x" -> 245 │ 1/256 (≈ 0.0039062)
═══════════╪════════════════════
"x" -> 246 │ 1/256 (≈ 0.0039062)
═══════════╪════════════════════
"x" -> 247 │ 1/256 (≈ 0.0039062)
═══════════╪════════════════════
"x" -> 248 │ 1/256 (≈ 0.0039062)
═══════════╪════════════════════
"x" -> 249 │ 1/256 (≈ 0.0039062)
═══════════╪════════════════════
"x" -> 250 │ 1/256 (≈ 0.0039062)
═══════════╪════════════════════
"x" -> 251 │ 1/256 (≈ 0.0039062)
═══════════╪════════════════════
"x" -> 252 │ 1/256 (≈ 0.0039062)
═══════════╪════════════════════
"x" -> 253 │ 1/256 (≈ 0.0039062)
═══════════╪════════════════════
"x" -> 254 │ 1/256 (≈ 0.0039062)
═══════════╪════════════════════
"x" -> 255 │ 1/256 (≈ 0.0039062)
═══════════╪════════════════════
∑          │ 1
═══════════╧════════════════════
